
Step: 1

       Outputs       |               Binary               | Hexadecimal |    Signed Decimal    |   Unsigned Decimal   |
---------------------+------------------------------------+-------------+----------------------+----------------------+
=>  pc               | 0b00000000000000000000000000000001 |         0x1 |                    1 |                    1 |
=>  r2               | 0b00000000000000000000000000000000 |           0 |                    0 |                    0 |
=>  r3               | 0b00000000000000000000000000000000 |           0 |                    0 |                    0 |
=>  r4               | 0b00000000000000000000000000000000 |           0 |                    0 |                    0 |
=>  r5               | 0b00000000000000000000000000000000 |           0 |                    0 |                    0 |
=>  r6               | 0b00000000000000000000000000000000 |           0 |                    0 |                    0 |
=>  rout             | 0b00000000000000000000000000000000 |           0 |                    0 |                    0 |
=>  rpriv            | 0b00000000000000000000000000000000 |           0 |                    0 |                    0 |

Step: 2

       Outputs       |               Binary               | Hexadecimal |    Signed Decimal    |   Unsigned Decimal   |
---------------------+------------------------------------+-------------+----------------------+----------------------+
=>  pc               | 0b00000000000000000000000000000010 |         0x2 |                    2 |                    2 |
=>  r2               | 0b00000000000000000000000000000000 |           0 |                    0 |                    0 |
=>  r3               | 0b00000000000000000000000000000000 |           0 |                    0 |                    0 |
=>  r4               | 0b00000000000000000000000000000000 |           0 |                    0 |                    0 |
=>  r5               | 0b00000000000000000000000000000000 |           0 |                    0 |                    0 |
=>  r6               | 0b00000000000000000000000000000000 |           0 |                    0 |                    0 |
=>  rout             | 0b00000000000000000000000000000000 |           0 |                    0 |                    0 |
=>  rpriv            | 0b00000000000000000000000000000000 |           0 |                    0 |                    0 |

Step: 3

       Outputs       |               Binary               | Hexadecimal |    Signed Decimal    |   Unsigned Decimal   |
---------------------+------------------------------------+-------------+----------------------+----------------------+
=>  pc               | 0b00000000000000000000000000000011 |         0x3 |                    3 |                    3 |
=>  r2               | 0b00000000000000000000000000000101 |         0x5 |                    5 |                    5 |
=>  r3               | 0b00000000000000000000000000000000 |           0 |                    0 |                    0 |
=>  r4               | 0b00000000000000000000000000000000 |           0 |                    0 |                    0 |
=>  r5               | 0b00000000000000000000000000000000 |           0 |                    0 |                    0 |
=>  r6               | 0b00000000000000000000000000000000 |           0 |                    0 |                    0 |
=>  rout             | 0b00000000000000000000000000000000 |           0 |                    0 |                    0 |
=>  rpriv            | 0b00000000000000000000000000000000 |           0 |                    0 |                    0 |

Step: 4

       Outputs       |               Binary               | Hexadecimal |    Signed Decimal    |   Unsigned Decimal   |
---------------------+------------------------------------+-------------+----------------------+----------------------+
=>  pc               | 0b00000000000000000000000000000100 |         0x4 |                    4 |                    4 |
=>  r2               | 0b00000000000000000000000000000101 |         0x5 |                    5 |                    5 |
=>  r3               | 0b00000000000000000000000000000111 |         0x7 |                    7 |                    7 |
=>  r4               | 0b00000000000000000000000000000000 |           0 |                    0 |                    0 |
=>  r5               | 0b00000000000000000000000000000000 |           0 |                    0 |                    0 |
=>  r6               | 0b00000000000000000000000000000000 |           0 |                    0 |                    0 |
=>  rout             | 0b00000000000000000000000000000000 |           0 |                    0 |                    0 |
=>  rpriv            | 0b00000000000000000000000000000000 |           0 |                    0 |                    0 |

Step: 5

       Outputs       |               Binary               | Hexadecimal |    Signed Decimal    |   Unsigned Decimal   |
---------------------+------------------------------------+-------------+----------------------+----------------------+
=>  pc               | 0b00000000000000000000000000000101 |         0x5 |                    5 |                    5 |
=>  r2               | 0b00000000000000000000000000000101 |         0x5 |                    5 |                    5 |
=>  r3               | 0b00000000000000000000000000000111 |         0x7 |                    7 |                    7 |
=>  r4               | 0b00000000000000000000000000001100 |         0xc |                   12 |                   12 |
=>  r5               | 0b00000000000000000000000000000000 |           0 |                    0 |                    0 |
=>  r6               | 0b00000000000000000000000000000000 |           0 |                    0 |                    0 |
=>  rout             | 0b00000000000000000000000000000000 |           0 |                    0 |                    0 |
=>  rpriv            | 0b00000000000000000000000000000000 |           0 |                    0 |                    0 |

Step: 6

       Outputs       |               Binary               | Hexadecimal |    Signed Decimal    |   Unsigned Decimal   |
---------------------+------------------------------------+-------------+----------------------+----------------------+
=>  pc               | 0b00000000000000000000000000000110 |         0x6 |                    6 |                    6 |
=>  r2               | 0b00000000000000000000000000000101 |         0x5 |                    5 |                    5 |
=>  r3               | 0b00000000000000000000000000000111 |         0x7 |                    7 |                    7 |
=>  r4               | 0b00000000000000000000000000001100 |         0xc |                   12 |                   12 |
=>  r5               | 0b00000000000000000000000000001100 |         0xc |                   12 |                   12 |
=>  r6               | 0b00000000000000000000000000000000 |           0 |                    0 |                    0 |
=>  rout             | 0b00000000000000000000000000000000 |           0 |                    0 |                    0 |
=>  rpriv            | 0b00000000000000000000000000000000 |           0 |                    0 |                    0 |

Step: 7

       Outputs       |               Binary               | Hexadecimal |    Signed Decimal    |   Unsigned Decimal   |
---------------------+------------------------------------+-------------+----------------------+----------------------+
=>  pc               | 0b00000000000000000000000000000111 |         0x7 |                    7 |                    7 |
=>  r2               | 0b00000000000000000000000000000101 |         0x5 |                    5 |                    5 |
=>  r3               | 0b00000000000000000000000000000111 |         0x7 |                    7 |                    7 |
=>  r4               | 0b00000000000000000000000000001100 |         0xc |                   12 |                   12 |
=>  r5               | 0b00000000000000000000000000001100 |         0xc |                   12 |                   12 |
=>  r6               | 0b00000000000000000000000000000000 |           0 |                    0 |                    0 |
=>  rout             | 0b00000000000000000000000000000000 |           0 |                    0 |                    0 |
=>  rpriv            | 0b00000000000000000000000000000000 |           0 |                    0 |                    0 |

Step: 8

       Outputs       |               Binary               | Hexadecimal |    Signed Decimal    |   Unsigned Decimal   |
---------------------+------------------------------------+-------------+----------------------+----------------------+
=>  pc               | 0b00000000000000000000000000001010 |         0xa |                   10 |                   10 |
=>  r2               | 0b00000000000000000000000000000101 |         0x5 |                    5 |                    5 |
=>  r3               | 0b00000000000000000000000000000111 |         0x7 |                    7 |                    7 |
=>  r4               | 0b00000000000000000000000000001100 |         0xc |                   12 |                   12 |
=>  r5               | 0b00000000000000000000000000001100 |         0xc |                   12 |                   12 |
=>  r6               | 0b00000000000000000000000000000000 |           0 |                    0 |                    0 |
=>  rout             | 0b00000000000000000000000000000000 |           0 |                    0 |                    0 |
=>  rpriv            | 0b00000000000000000000000000000000 |           0 |                    0 |                    0 |

Step: 9

       Outputs       |               Binary               | Hexadecimal |    Signed Decimal    |   Unsigned Decimal   |
---------------------+------------------------------------+-------------+----------------------+----------------------+
=>  pc               | 0b00000000000000000000000000001011 |         0xb |                   11 |                   11 |
=>  r2               | 0b00000000000000000000000000000101 |         0x5 |                    5 |                    5 |
=>  r3               | 0b00000000000000000000000000000111 |         0x7 |                    7 |                    7 |
=>  r4               | 0b00000000000000000000000000001100 |         0xc |                   12 |                   12 |
=>  r5               | 0b00000000000000000000000000001100 |         0xc |                   12 |                   12 |
=>  r6               | 0b00000000000000000000000000000000 |           0 |                    0 |                    0 |
=>  rout             | 0b00000000000000000000000000000001 |         0x1 |                    1 |                    1 |
=>  rpriv            | 0b00000000000000000000000000000000 |           0 |                    0 |                    0 |

Step: 10

       Outputs       |               Binary               | Hexadecimal |    Signed Decimal    |   Unsigned Decimal   |
---------------------+------------------------------------+-------------+----------------------+----------------------+
=>  pc               | 0b00000000000000000000000000001100 |         0xc |                   12 |                   12 |
=>  r2               | 0b00000000000000000000000000000101 |         0x5 |                    5 |                    5 |
=>  r3               | 0b00000000000000000000000000000111 |         0x7 |                    7 |                    7 |
=>  r4               | 0b00000000000000000000000000001100 |         0xc |                   12 |                   12 |
=>  r5               | 0b00000000000000000000000000001100 |         0xc |                   12 |                   12 |
=>  r6               | 0b00000000000000000000000000000000 |           0 |                    0 |                    0 |
=>  rout             | 0b00000000000000000000000000000001 |         0x1 |                    1 |                    1 |
=>  rpriv            | 0b00000000000000001111111111111111 |      0xffff |                65535 |                65535 |

Step: 11

       Outputs       |               Binary               | Hexadecimal |    Signed Decimal    |   Unsigned Decimal   |
---------------------+------------------------------------+-------------+----------------------+----------------------+
=>  pc               | 0b00000000000000000000000000001101 |         0xd |                   13 |                   13 |
=>  r2               | 0b00000000000000000000000000000101 |         0x5 |                    5 |                    5 |
=>  r3               | 0b00000000000000000000000000000111 |         0x7 |                    7 |                    7 |
=>  r4               | 0b00000000000000000000000000001100 |         0xc |                   12 |                   12 |
=>  r5               | 0b00000000000000000000000000001100 |         0xc |                   12 |                   12 |
=>  r6               | 0b00000000000000000000000000000000 |           0 |                    0 |                    0 |
=>  rout             | 0b00000000000000000000000000000001 |         0x1 |                    1 |                    1 |
=>  rpriv            | 0b11111111111111111111111111111111 |  0xffffffff |           4294967295 |                   -1 |

Step: 12

       Outputs       |               Binary               | Hexadecimal |    Signed Decimal    |   Unsigned Decimal   |
---------------------+------------------------------------+-------------+----------------------+----------------------+
=>  pc               | 0b11111111111111111111111111111111 |  0xffffffff |           4294967295 |                   -1 |
=>  r2               | 0b00000000000000000000000000000101 |         0x5 |                    5 |                    5 |
=>  r3               | 0b00000000000000000000000000000111 |         0x7 |                    7 |                    7 |
=>  r4               | 0b00000000000000000000000000001100 |         0xc |                   12 |                   12 |
=>  r5               | 0b00000000000000000000000000001100 |         0xc |                   12 |                   12 |
=>  r6               | 0b00000000000000000000000000000000 |           0 |                    0 |                    0 |
=>  rout             | 0b00000000000000000000000000000001 |         0x1 |                    1 |                    1 |
=>  rpriv            | 0b11111111111111111111111111111111 |  0xffffffff |           4294967295 |                   -1 |

Step: 13

       Outputs       |               Binary               | Hexadecimal |    Signed Decimal    |   Unsigned Decimal   |
---------------------+------------------------------------+-------------+----------------------+----------------------+
=>  pc               | 0b00000000000000000000000000000000 |           0 |                    0 |                    0 |
=>  r2               | 0b00000000000000000000000000000101 |         0x5 |                    5 |                    5 |
=>  r3               | 0b00000000000000000000000000000111 |         0x7 |                    7 |                    7 |
=>  r4               | 0b00000000000000000000000000001100 |         0xc |                   12 |                   12 |
=>  r5               | 0b00000000000000000000000000001100 |         0xc |                   12 |                   12 |
=>  r6               | 0b00000000000000000000000000000000 |           0 |                    0 |                    0 |
=>  rout             | 0b00000000000000000000000000000001 |         0x1 |                    1 |                    1 |
=>  rpriv            | 0b11111111111111111111111111111111 |  0xffffffff |           4294967295 |                   -1 |
